main.cpp:59:6:void HAL_TIM_IC_CaptureCallback(TIM_HandleTypeDef*)	16	static
main.cpp:65:10:uint16_t divClosest(uint16_t, uint16_t)	16	static
main.cpp:69:6:void processDmaSignal()	16	static
main.cpp:109:6:void HAL_TIM_PeriodElapsedCallback(TIM_HandleTypeDef*)	16	static
main.cpp:130:6:void A_RISING()	8	static
main.cpp:148:6:void A_FALLING()	8	static
main.cpp:166:6:void B_RISING()	8	static
main.cpp:184:6:void B_FALLING()	8	static
main.cpp:202:6:void C_RISING()	8	static
main.cpp:220:6:void C_FALLING()	8	static
main.cpp:260:6:void bldc_move()	8	static
main.cpp:387:6:void bldc_move_ol()	8	static
main.cpp:470:6:void all_off()	8	static
main.cpp:506:10:uint16_t speed_to_delay()	8	static
main.cpp:518:6:void HAL_GPIO_EXTI_Callback(uint16_t)	16	static
main.cpp:548:6:void setup()	8	static
main.cpp:602:6:void delay_u(uint16_t)	16	static
main.cpp:607:6:void maincpp()	16	static
