Archive member included to satisfy reference by file (symbol)

c:/st/stm32cubeide_1.8.0/stm32cubeide/plugins/com.st.stm32cube.ide.mcu.externaltools.gnu-tools-for-stm32.9-2020-q2-update.win32_2.0.0.202105311346/tools/bin/../lib/gcc/arm-none-eabi/9.3.1/../../../../arm-none-eabi/lib/thumb/v6-m/nofp\libc_nano.a(lib_a-errno.o)
                              ./Core/Src/syscalls.o (__errno)
c:/st/stm32cubeide_1.8.0/stm32cubeide/plugins/com.st.stm32cube.ide.mcu.externaltools.gnu-tools-for-stm32.9-2020-q2-update.win32_2.0.0.202105311346/tools/bin/../lib/gcc/arm-none-eabi/9.3.1/../../../../arm-none-eabi/lib/thumb/v6-m/nofp\libc_nano.a(lib_a-exit.o)
                              c:/st/stm32cubeide_1.8.0/stm32cubeide/plugins/com.st.stm32cube.ide.mcu.externaltools.gnu-tools-for-stm32.9-2020-q2-update.win32_2.0.0.202105311346/tools/bin/../lib/gcc/arm-none-eabi/9.3.1/../../../../arm-none-eabi/lib/thumb/v6-m/nofp/crt0.o (exit)
c:/st/stm32cubeide_1.8.0/stm32cubeide/plugins/com.st.stm32cube.ide.mcu.externaltools.gnu-tools-for-stm32.9-2020-q2-update.win32_2.0.0.202105311346/tools/bin/../lib/gcc/arm-none-eabi/9.3.1/../../../../arm-none-eabi/lib/thumb/v6-m/nofp\libc_nano.a(lib_a-impure.o)
                              c:/st/stm32cubeide_1.8.0/stm32cubeide/plugins/com.st.stm32cube.ide.mcu.externaltools.gnu-tools-for-stm32.9-2020-q2-update.win32_2.0.0.202105311346/tools/bin/../lib/gcc/arm-none-eabi/9.3.1/../../../../arm-none-eabi/lib/thumb/v6-m/nofp\libc_nano.a(lib_a-exit.o) (_global_impure_ptr)
c:/st/stm32cubeide_1.8.0/stm32cubeide/plugins/com.st.stm32cube.ide.mcu.externaltools.gnu-tools-for-stm32.9-2020-q2-update.win32_2.0.0.202105311346/tools/bin/../lib/gcc/arm-none-eabi/9.3.1/../../../../arm-none-eabi/lib/thumb/v6-m/nofp\libc_nano.a(lib_a-init.o)
                              c:/st/stm32cubeide_1.8.0/stm32cubeide/plugins/com.st.stm32cube.ide.mcu.externaltools.gnu-tools-for-stm32.9-2020-q2-update.win32_2.0.0.202105311346/tools/bin/../lib/gcc/arm-none-eabi/9.3.1/../../../../arm-none-eabi/lib/thumb/v6-m/nofp/crt0.o (__libc_init_array)
c:/st/stm32cubeide_1.8.0/stm32cubeide/plugins/com.st.stm32cube.ide.mcu.externaltools.gnu-tools-for-stm32.9-2020-q2-update.win32_2.0.0.202105311346/tools/bin/../lib/gcc/arm-none-eabi/9.3.1/../../../../arm-none-eabi/lib/thumb/v6-m/nofp\libc_nano.a(lib_a-memset.o)
                              c:/st/stm32cubeide_1.8.0/stm32cubeide/plugins/com.st.stm32cube.ide.mcu.externaltools.gnu-tools-for-stm32.9-2020-q2-update.win32_2.0.0.202105311346/tools/bin/../lib/gcc/arm-none-eabi/9.3.1/../../../../arm-none-eabi/lib/thumb/v6-m/nofp/crt0.o (memset)
c:/st/stm32cubeide_1.8.0/stm32cubeide/plugins/com.st.stm32cube.ide.mcu.externaltools.gnu-tools-for-stm32.9-2020-q2-update.win32_2.0.0.202105311346/tools/bin/../lib/gcc/arm-none-eabi/9.3.1/thumb/v6-m/nofp\libgcc.a(_udivsi3.o)
                              ./Core/Src/system_stm32f0xx.o (__aeabi_uidiv)
c:/st/stm32cubeide_1.8.0/stm32cubeide/plugins/com.st.stm32cube.ide.mcu.externaltools.gnu-tools-for-stm32.9-2020-q2-update.win32_2.0.0.202105311346/tools/bin/../lib/gcc/arm-none-eabi/9.3.1/thumb/v6-m/nofp\libgcc.a(_divsi3.o)
                              ./cpp/src/main.o (__aeabi_idiv)
c:/st/stm32cubeide_1.8.0/stm32cubeide/plugins/com.st.stm32cube.ide.mcu.externaltools.gnu-tools-for-stm32.9-2020-q2-update.win32_2.0.0.202105311346/tools/bin/../lib/gcc/arm-none-eabi/9.3.1/thumb/v6-m/nofp\libgcc.a(_dvmd_tls.o)
                              c:/st/stm32cubeide_1.8.0/stm32cubeide/plugins/com.st.stm32cube.ide.mcu.externaltools.gnu-tools-for-stm32.9-2020-q2-update.win32_2.0.0.202105311346/tools/bin/../lib/gcc/arm-none-eabi/9.3.1/thumb/v6-m/nofp\libgcc.a(_udivsi3.o) (__aeabi_idiv0)

Allocating common symbols
Common symbol       size              file

hdma_tim1_ch1       0x44              ./Core/Src/main.o
hdma_tim1_ch3_up    0x44              ./Core/Src/main.o
hdma_tim1_ch2       0x44              ./Core/Src/main.o
uwTick              0x4               ./Drivers/STM32F0xx_HAL_Driver/Src/stm32f0xx_hal.o
pFlash              0x20              ./Drivers/STM32F0xx_HAL_Driver/Src/stm32f0xx_hal_flash.o
hdma_tim3_ch1_trig  0x44              ./Core/Src/main.o

Discarded input sections

 .text          0x0000000000000000        0x0 c:/st/stm32cubeide_1.8.0/stm32cubeide/plugins/com.st.stm32cube.ide.mcu.externaltools.gnu-tools-for-stm32.9-2020-q2-update.win32_2.0.0.202105311346/tools/bin/../lib/gcc/arm-none-eabi/9.3.1/thumb/v6-m/nofp/crti.o
 .data          0x0000000000000000        0x0 c:/st/stm32cubeide_1.8.0/stm32cubeide/plugins/com.st.stm32cube.ide.mcu.externaltools.gnu-tools-for-stm32.9-2020-q2-update.win32_2.0.0.202105311346/tools/bin/../lib/gcc/arm-none-eabi/9.3.1/thumb/v6-m/nofp/crti.o
 .bss           0x0000000000000000        0x0 c:/st/stm32cubeide_1.8.0/stm32cubeide/plugins/com.st.stm32cube.ide.mcu.externaltools.gnu-tools-for-stm32.9-2020-q2-update.win32_2.0.0.202105311346/tools/bin/../lib/gcc/arm-none-eabi/9.3.1/thumb/v6-m/nofp/crti.o
[...]
Memory Configuration

Name             Origin             Length             Attributes
RAM              0x0000000020000000 0x0000000000002000 xrw
FLASH            0x0000000008000000 0x0000000000010000 xr
*default*        0x0000000000000000 0xffffffffffffffff

Linker script and memory map

LOAD c:/st/stm32cubeide_1.8.0/stm32cubeide/plugins/com.st.stm32cube.ide.mcu.externaltools.gnu-tools-for-stm32.9-2020-q2-update.win32_2.0.0.202105311346/tools/bin/../lib/gcc/arm-none-eabi/9.3.1/thumb/v6-m/nofp/crti.o
LOAD c:/st/stm32cubeide_1.8.0/stm32cubeide/plugins/com.st.stm32cube.ide.mcu.externaltools.gnu-tools-for-stm32.9-2020-q2-update.win32_2.0.0.202105311346/tools/bin/../lib/gcc/arm-none-eabi/9.3.1/thumb/v6-m/nofp/crtbegin.o
LOAD c:/st/stm32cubeide_1.8.0/stm32cubeide/plugins/com.st.stm32cube.ide.mcu.externaltools.gnu-tools-for-stm32.9-2020-q2-update.win32_2.0.0.202105311346/tools/bin/../lib/gcc/arm-none-eabi/9.3.1/../../../../arm-none-eabi/lib/thumb/v6-m/nofp/crt0.o
LOAD ./Core/Src/main.o
LOAD ./Core/Src/stm32f0xx_hal_msp.o
LOAD ./Core/Src/stm32f0xx_it.o
LOAD ./Core/Src/syscalls.o
LOAD ./Core/Src/sysmem.o
LOAD ./Core/Src/system_stm32f0xx.o
LOAD ./Core/Startup/startup_stm32f051r8tx.o
LOAD ./Drivers/STM32F0xx_HAL_Driver/Src/stm32f0xx_hal.o
LOAD ./Drivers/STM32F0xx_HAL_Driver/Src/stm32f0xx_hal_cortex.o
LOAD ./Drivers/STM32F0xx_HAL_Driver/Src/stm32f0xx_hal_dma.o
LOAD ./Drivers/STM32F0xx_HAL_Driver/Src/stm32f0xx_hal_exti.o
LOAD ./Drivers/STM32F0xx_HAL_Driver/Src/stm32f0xx_hal_flash.o
LOAD ./Drivers/STM32F0xx_HAL_Driver/Src/stm32f0xx_hal_flash_ex.o
LOAD ./Drivers/STM32F0xx_HAL_Driver/Src/stm32f0xx_hal_gpio.o
LOAD ./Drivers/STM32F0xx_HAL_Driver/Src/stm32f0xx_hal_i2c.o
LOAD ./Drivers/STM32F0xx_HAL_Driver/Src/stm32f0xx_hal_i2c_ex.o
LOAD ./Drivers/STM32F0xx_HAL_Driver/Src/stm32f0xx_hal_pwr.o
LOAD ./Drivers/STM32F0xx_HAL_Driver/Src/stm32f0xx_hal_pwr_ex.o
LOAD ./Drivers/STM32F0xx_HAL_Driver/Src/stm32f0xx_hal_rcc.o
LOAD ./Drivers/STM32F0xx_HAL_Driver/Src/stm32f0xx_hal_rcc_ex.o
LOAD ./Drivers/STM32F0xx_HAL_Driver/Src/stm32f0xx_hal_tim.o
LOAD ./Drivers/STM32F0xx_HAL_Driver/Src/stm32f0xx_hal_tim_ex.o
LOAD ./cpp/src/main.o
START GROUP
LOAD c:/st/stm32cubeide_1.8.0/stm32cubeide/plugins/com.st.stm32cube.ide.mcu.externaltools.gnu-tools-for-stm32.9-2020-q2-update.win32_2.0.0.202105311346/tools/bin/../lib/gcc/arm-none-eabi/9.3.1/../../../../arm-none-eabi/lib/thumb/v6-m/nofp\libstdc++_nano.a
LOAD c:/st/stm32cubeide_1.8.0/stm32cubeide/plugins/com.st.stm32cube.ide.mcu.externaltools.gnu-tools-for-stm32.9-2020-q2-update.win32_2.0.0.202105311346/tools/bin/../lib/gcc/arm-none-eabi/9.3.1/../../../../arm-none-eabi/lib/thumb/v6-m/nofp\libsupc++_nano.a
END GROUP
LOAD c:/st/stm32cubeide_1.8.0/stm32cubeide/plugins/com.st.stm32cube.ide.mcu.externaltools.gnu-tools-for-stm32.9-2020-q2-update.win32_2.0.0.202105311346/tools/bin/../lib/gcc/arm-none-eabi/9.3.1/../../../../arm-none-eabi/lib/thumb/v6-m/nofp\libstdc++_nano.a
LOAD c:/st/stm32cubeide_1.8.0/stm32cubeide/plugins/com.st.stm32cube.ide.mcu.externaltools.gnu-tools-for-stm32.9-2020-q2-update.win32_2.0.0.202105311346/tools/bin/../lib/gcc/arm-none-eabi/9.3.1/../../../../arm-none-eabi/lib/thumb/v6-m/nofp\libm.a
LOAD c:/st/stm32cubeide_1.8.0/stm32cubeide/plugins/com.st.stm32cube.ide.mcu.externaltools.gnu-tools-for-stm32.9-2020-q2-update.win32_2.0.0.202105311346/tools/bin/../lib/gcc/arm-none-eabi/9.3.1/../../../../arm-none-eabi/lib/thumb/v6-m/nofp\libc_nano.a
START GROUP
LOAD c:/st/stm32cubeide_1.8.0/stm32cubeide/plugins/com.st.stm32cube.ide.mcu.externaltools.gnu-tools-for-stm32.9-2020-q2-update.win32_2.0.0.202105311346/tools/bin/../lib/gcc/arm-none-eabi/9.3.1/thumb/v6-m/nofp\libgcc.a
LOAD c:/st/stm32cubeide_1.8.0/stm32cubeide/plugins/com.st.stm32cube.ide.mcu.externaltools.gnu-tools-for-stm32.9-2020-q2-update.win32_2.0.0.202105311346/tools/bin/../lib/gcc/arm-none-eabi/9.3.1/../../../../arm-none-eabi/lib/thumb/v6-m/nofp\libc_nano.a
END GROUP
START GROUP
LOAD c:/st/stm32cubeide_1.8.0/stm32cubeide/plugins/com.st.stm32cube.ide.mcu.externaltools.gnu-tools-for-stm32.9-2020-q2-update.win32_2.0.0.202105311346/tools/bin/../lib/gcc/arm-none-eabi/9.3.1/thumb/v6-m/nofp\libgcc.a
LOAD c:/st/stm32cubeide_1.8.0/stm32cubeide/plugins/com.st.stm32cube.ide.mcu.externaltools.gnu-tools-for-stm32.9-2020-q2-update.win32_2.0.0.202105311346/tools/bin/../lib/gcc/arm-none-eabi/9.3.1/../../../../arm-none-eabi/lib/thumb/v6-m/nofp\libc_nano.a
END GROUP
LOAD c:/st/stm32cubeide_1.8.0/stm32cubeide/plugins/com.st.stm32cube.ide.mcu.externaltools.gnu-tools-for-stm32.9-2020-q2-update.win32_2.0.0.202105311346/tools/bin/../lib/gcc/arm-none-eabi/9.3.1/thumb/v6-m/nofp/crtend.o
LOAD c:/st/stm32cubeide_1.8.0/stm32cubeide/plugins/com.st.stm32cube.ide.mcu.externaltools.gnu-tools-for-stm32.9-2020-q2-update.win32_2.0.0.202105311346/tools/bin/../lib/gcc/arm-none-eabi/9.3.1/thumb/v6-m/nofp/crtn.o
                0x0000000020002000                _estack = (ORIGIN (RAM) + LENGTH (RAM))
                0x0000000000000200                _Min_Heap_Size = 0x200
                0x0000000000000400                _Min_Stack_Size = 0x400

.isr_vector     0x0000000008000000       0xc0
                0x0000000008000000                . = ALIGN (0x4)
 *(.isr_vector)
 .isr_vector    0x0000000008000000       0xc0 ./Core/Startup/startup_stm32f051r8tx.o
                0x0000000008000000                g_pfnVectors
                0x00000000080000c0                . = ALIGN (0x4)

.text           0x00000000080000c0     0x4d94
                0x00000000080000c0                . = ALIGN (0x4)
 *(.text)
 .text          0x00000000080000c0       0x48 c:/st/stm32cubeide_1.8.0/stm32cubeide/plugins/com.st.stm32cube.ide.mcu.externaltools.gnu-tools-for-stm32.9-2020-q2-update.win32_2.0.0.202105311346/tools/bin/../lib/gcc/arm-none-eabi/9.3.1/thumb/v6-m/nofp/crtbegin.o
 .text          0x0000000008000108      0x114 c:/st/stm32cubeide_1.8.0/stm32cubeide/plugins/com.st.stm32cube.ide.mcu.externaltools.gnu-tools-for-stm32.9-2020-q2-update.win32_2.0.0.202105311346/tools/bin/../lib/gcc/arm-none-eabi/9.3.1/thumb/v6-m/nofp\libgcc.a(_udivsi3.o)
                0x0000000008000108                __aeabi_uidiv
                0x0000000008000108                __udivsi3
                0x0000000008000214                __aeabi_uidivmod
 .text          0x000000000800021c      0x1d4 c:/st/stm32cubeide_1.8.0/stm32cubeide/plugins/com.st.stm32cube.ide.mcu.externaltools.gnu-tools-for-stm32.9-2020-q2-update.win32_2.0.0.202105311346/tools/bin/../lib/gcc/arm-none-eabi/9.3.1/thumb/v6-m/nofp\libgcc.a(_divsi3.o)
                0x000000000800021c                __divsi3
                0x000000000800021c                __aeabi_idiv
                0x00000000080003e8                __aeabi_idivmod
 .text          0x00000000080003f0        0x4 c:/st/stm32cubeide_1.8.0/stm32cubeide/plugins/com.st.stm32cube.ide.mcu.externaltools.gnu-tools-for-stm32.9-2020-q2-update.win32_2.0.0.202105311346/tools/bin/../lib/gcc/arm-none-eabi/9.3.1/thumb/v6-m/nofp\libgcc.a(_dvmd_tls.o)
                0x00000000080003f0                __aeabi_idiv0
                0x00000000080003f0                __aeabi_ldiv0
 *(.text*)
 .text.main     0x00000000080003f4       0x2a ./Core/Src/main.o
                0x00000000080003f4                main
 .text.SystemClock_Config
                0x000000000800041e       0x94 ./Core/Src/main.o
                0x000000000800041e                SystemClock_Config
 *fill*         0x00000000080004b2        0x2 
 .text.MX_TIM1_Init
                0x00000000080004b4      0x160 ./Core/Src/main.o
 .text.MX_TIM2_Init
                0x0000000008000614       0xa8 ./Core/Src/main.o
 .text.MX_TIM3_Init
                0x00000000080006bc       0xbc ./Core/Src/main.o
 .text.MX_TIM6_Init
                0x0000000008000778       0x78 ./Core/Src/main.o
 .text.MX_DMA_Init
                0x00000000080007f0       0x3c ./Core/Src/main.o
 .text.MX_GPIO_Init
                0x000000000800082c      0x1e0 ./Core/Src/main.o
 .text.Error_Handler
                0x0000000008000a0c        0xa ./Core/Src/main.o
                0x0000000008000a0c                Error_Handler
 *fill*         0x0000000008000a16        0x2 
 .text.HAL_MspInit
                0x0000000008000a18       0x48 ./Core/Src/stm32f0xx_hal_msp.o
                0x0000000008000a18                HAL_MspInit
 .text.HAL_TIM_PWM_MspInit
                0x0000000008000a60      0x15c ./Core/Src/stm32f0xx_hal_msp.o
                0x0000000008000a60                HAL_TIM_PWM_MspInit
 .text.HAL_TIM_Base_MspInit
                0x0000000008000bbc       0x70 ./Core/Src/stm32f0xx_hal_msp.o
                0x0000000008000bbc                HAL_TIM_Base_MspInit
 .text.HAL_TIM_IC_MspInit
                0x0000000008000c2c       0xfc ./Core/Src/stm32f0xx_hal_msp.o
                0x0000000008000c2c                HAL_TIM_IC_MspInit
 .text.HAL_TIM_MspPostInit
                0x0000000008000d28       0x80 ./Core/Src/stm32f0xx_hal_msp.o
                0x0000000008000d28                HAL_TIM_MspPostInit
 .text.NMI_Handler
                0x0000000008000da8        0x6 ./Core/Src/stm32f0xx_it.o
                0x0000000008000da8                NMI_Handler
 .text.HardFault_Handler
                0x0000000008000dae        0x6 ./Core/Src/stm32f0xx_it.o
                0x0000000008000dae                HardFault_Handler
 .text.SVC_Handler
                0x0000000008000db4        0xa ./Core/Src/stm32f0xx_it.o
                0x0000000008000db4                SVC_Handler
 .text.PendSV_Handler
                0x0000000008000dbe        0xa ./Core/Src/stm32f0xx_it.o
                0x0000000008000dbe                PendSV_Handler
 .text.SysTick_Handler
                0x0000000008000dc8        0xe ./Core/Src/stm32f0xx_it.o
                0x0000000008000dc8                SysTick_Handler
 *fill*         0x0000000008000dd6        0x2 
 .text.EXTI0_1_IRQHandler
                0x0000000008000dd8       0x20 ./Core/Src/stm32f0xx_it.o
                0x0000000008000dd8                EXTI0_1_IRQHandler
 .text.EXTI2_3_IRQHandler
                0x0000000008000df8       0x20 ./Core/Src/stm32f0xx_it.o
                0x0000000008000df8                EXTI2_3_IRQHandler
 .text.EXTI4_15_IRQHandler
                0x0000000008000e18       0x24 ./Core/Src/stm32f0xx_it.o
                0x0000000008000e18                EXTI4_15_IRQHandler
 .text.DMA1_Channel4_5_IRQHandler
                0x0000000008000e3c       0x24 ./Core/Src/stm32f0xx_it.o
                0x0000000008000e3c                DMA1_Channel4_5_IRQHandler
 .text.TIM2_IRQHandler
                0x0000000008000e60       0x18 ./Core/Src/stm32f0xx_it.o
                0x0000000008000e60                TIM2_IRQHandler
 .text.SystemInit
                0x0000000008000e78        0xa ./Core/Src/system_stm32f0xx.o
                0x0000000008000e78                SystemInit
 *fill*         0x0000000008000e82        0x2 
 .text.Reset_Handler
                0x0000000008000e84       0x50 ./Core/Startup/startup_stm32f051r8tx.o
                0x0000000008000e84                Reset_Handler
 .text.Default_Handler
                0x0000000008000ed4        0x2 ./Core/Startup/startup_stm32f051r8tx.o
                0x0000000008000ed4                TIM1_CC_IRQHandler
                0x0000000008000ed4                TSC_IRQHandler
                0x0000000008000ed4                ADC1_COMP_IRQHandler
                0x0000000008000ed4                PVD_IRQHandler
                0x0000000008000ed4                I2C1_IRQHandler
                0x0000000008000ed4                RCC_CRS_IRQHandler
                0x0000000008000ed4                SPI1_IRQHandler
                0x0000000008000ed4                TIM6_DAC_IRQHandler
                0x0000000008000ed4                I2C2_IRQHandler
                0x0000000008000ed4                TIM17_IRQHandler
                0x0000000008000ed4                CEC_CAN_IRQHandler
                0x0000000008000ed4                RTC_IRQHandler
                0x0000000008000ed4                TIM16_IRQHandler
                0x0000000008000ed4                TIM3_IRQHandler
                0x0000000008000ed4                DMA1_Channel1_IRQHandler
                0x0000000008000ed4                Default_Handler
                0x0000000008000ed4                TIM14_IRQHandler
                0x0000000008000ed4                TIM15_IRQHandler
                0x0000000008000ed4                SPI2_IRQHandler
                0x0000000008000ed4                WWDG_IRQHandler
                0x0000000008000ed4                DMA1_Channel2_3_IRQHandler
                0x0000000008000ed4                USART2_IRQHandler
                0x0000000008000ed4                FLASH_IRQHandler
                0x0000000008000ed4                USART1_IRQHandler
                0x0000000008000ed4                TIM1_BRK_UP_TRG_COM_IRQHandler
 *fill*         0x0000000008000ed6        0x2 
 .text.HAL_Init
                0x0000000008000ed8       0x28 ./Drivers/STM32F0xx_HAL_Driver/Src/stm32f0xx_hal.o
                0x0000000008000ed8                HAL_Init
 .text.HAL_InitTick
                0x0000000008000f00       0x68 ./Drivers/STM32F0xx_HAL_Driver/Src/stm32f0xx_hal.o
                0x0000000008000f00                HAL_InitTick
 .text.HAL_IncTick
                0x0000000008000f68       0x24 ./Drivers/STM32F0xx_HAL_Driver/Src/stm32f0xx_hal.o
                0x0000000008000f68                HAL_IncTick
 .text.HAL_GetTick
                0x0000000008000f8c       0x14 ./Drivers/STM32F0xx_HAL_Driver/Src/stm32f0xx_hal.o
                0x0000000008000f8c                HAL_GetTick
 .text.HAL_Delay
                0x0000000008000fa0       0x48 ./Drivers/STM32F0xx_HAL_Driver/Src/stm32f0xx_hal.o
                0x0000000008000fa0                HAL_Delay
 .text.__NVIC_EnableIRQ
                0x0000000008000fe8       0x34 ./Drivers/STM32F0xx_HAL_Driver/Src/stm32f0xx_hal_cortex.o
 .text.__NVIC_SetPriority
                0x000000000800101c       0xdc ./Drivers/STM32F0xx_HAL_Driver/Src/stm32f0xx_hal_cortex.o
 .text.SysTick_Config
                0x00000000080010f8       0x48 ./Drivers/STM32F0xx_HAL_Driver/Src/stm32f0xx_hal_cortex.o
 .text.HAL_NVIC_SetPriority
                0x0000000008001140       0x2a ./Drivers/STM32F0xx_HAL_Driver/Src/stm32f0xx_hal_cortex.o
                0x0000000008001140                HAL_NVIC_SetPriority
 .text.HAL_NVIC_EnableIRQ
                0x000000000800116a       0x20 ./Drivers/STM32F0xx_HAL_Driver/Src/stm32f0xx_hal_cortex.o
                0x000000000800116a                HAL_NVIC_EnableIRQ
 .text.HAL_SYSTICK_Config
                0x000000000800118a       0x1a ./Drivers/STM32F0xx_HAL_Driver/Src/stm32f0xx_hal_cortex.o
                0x000000000800118a                HAL_SYSTICK_Config
 .text.HAL_DMA_Init
                0x00000000080011a4       0x90 ./Drivers/STM32F0xx_HAL_Driver/Src/stm32f0xx_hal_dma.o
                0x00000000080011a4                HAL_DMA_Init
 .text.HAL_DMA_Start_IT
                0x0000000008001234       0xcc ./Drivers/STM32F0xx_HAL_Driver/Src/stm32f0xx_hal_dma.o
                0x0000000008001234                HAL_DMA_Start_IT
 .text.HAL_DMA_IRQHandler
                0x0000000008001300      0x144 ./Drivers/STM32F0xx_HAL_Driver/Src/stm32f0xx_hal_dma.o
                0x0000000008001300                HAL_DMA_IRQHandler
 .text.DMA_SetConfig
                0x0000000008001444       0x58 ./Drivers/STM32F0xx_HAL_Driver/Src/stm32f0xx_hal_dma.o
 .text.DMA_CalcBaseAndBitshift
                0x000000000800149c       0x38 ./Drivers/STM32F0xx_HAL_Driver/Src/stm32f0xx_hal_dma.o
 .text.HAL_GPIO_Init
                0x00000000080014d4      0x2e0 ./Drivers/STM32F0xx_HAL_Driver/Src/stm32f0xx_hal_gpio.o
                0x00000000080014d4                HAL_GPIO_Init
 .text.HAL_GPIO_ReadPin
                0x00000000080017b4       0x3a ./Drivers/STM32F0xx_HAL_Driver/Src/stm32f0xx_hal_gpio.o
                0x00000000080017b4                HAL_GPIO_ReadPin
 .text.HAL_GPIO_WritePin
                0x00000000080017ee       0x3a ./Drivers/STM32F0xx_HAL_Driver/Src/stm32f0xx_hal_gpio.o
                0x00000000080017ee                HAL_GPIO_WritePin
 .text.HAL_GPIO_EXTI_IRQHandler
                0x0000000008001828       0x38 ./Drivers/STM32F0xx_HAL_Driver/Src/stm32f0xx_hal_gpio.o
                0x0000000008001828                HAL_GPIO_EXTI_IRQHandler
 .text.HAL_RCC_OscConfig
                0x0000000008001860      0x634 ./Drivers/STM32F0xx_HAL_Driver/Src/stm32f0xx_hal_rcc.o
                0x0000000008001860                HAL_RCC_OscConfig
 .text.HAL_RCC_ClockConfig
                0x0000000008001e94      0x19c ./Drivers/STM32F0xx_HAL_Driver/Src/stm32f0xx_hal_rcc.o
                0x0000000008001e94                HAL_RCC_ClockConfig
 .text.HAL_RCC_GetSysClockFreq
                0x0000000008002030       0xac ./Drivers/STM32F0xx_HAL_Driver/Src/stm32f0xx_hal_rcc.o
                0x0000000008002030                HAL_RCC_GetSysClockFreq
 .text.HAL_TIM_Base_Init
                0x00000000080020dc       0xa0 ./Drivers/STM32F0xx_HAL_Driver/Src/stm32f0xx_hal_tim.o
                0x00000000080020dc                HAL_TIM_Base_Init
 .text.HAL_TIM_Base_Start
                0x000000000800217c       0x94 ./Drivers/STM32F0xx_HAL_Driver/Src/stm32f0xx_hal_tim.o
                0x000000000800217c                HAL_TIM_Base_Start
 .text.HAL_TIM_Base_Start_IT
                0x0000000008002210       0xa4 ./Drivers/STM32F0xx_HAL_Driver/Src/stm32f0xx_hal_tim.o
                0x0000000008002210                HAL_TIM_Base_Start_IT
 .text.HAL_TIM_PWM_Init
                0x00000000080022b4       0xa0 ./Drivers/STM32F0xx_HAL_Driver/Src/stm32f0xx_hal_tim.o
                0x00000000080022b4                HAL_TIM_PWM_Init
 .text.HAL_TIM_PWM_Start_DMA
                0x0000000008002354      0x36c ./Drivers/STM32F0xx_HAL_Driver/Src/stm32f0xx_hal_tim.o
                0x0000000008002354                HAL_TIM_PWM_Start_DMA
 .text.HAL_TIM_IC_Init
                0x00000000080026c0       0xa0 ./Drivers/STM32F0xx_HAL_Driver/Src/stm32f0xx_hal_tim.o
                0x00000000080026c0                HAL_TIM_IC_Init
 .text.HAL_TIM_IC_Start_DMA
                0x0000000008002760      0x338 ./Drivers/STM32F0xx_HAL_Driver/Src/stm32f0xx_hal_tim.o
                0x0000000008002760                HAL_TIM_IC_Start_DMA
 .text.HAL_TIM_IRQHandler
                0x0000000008002a98      0x22c ./Drivers/STM32F0xx_HAL_Driver/Src/stm32f0xx_hal_tim.o
                0x0000000008002a98                HAL_TIM_IRQHandler
 .text.HAL_TIM_IC_ConfigChannel
                0x0000000008002cc4      0x148 ./Drivers/STM32F0xx_HAL_Driver/Src/stm32f0xx_hal_tim.o
                0x0000000008002cc4                HAL_TIM_IC_ConfigChannel
 .text.HAL_TIM_PWM_ConfigChannel
                0x0000000008002e0c      0x18c ./Drivers/STM32F0xx_HAL_Driver/Src/stm32f0xx_hal_tim.o
                0x0000000008002e0c                HAL_TIM_PWM_ConfigChannel
 .text.HAL_TIM_ConfigClockSource
                0x0000000008002f98      0x1a8 ./Drivers/STM32F0xx_HAL_Driver/Src/stm32f0xx_hal_tim.o
                0x0000000008002f98                HAL_TIM_ConfigClockSource
 .text.HAL_TIM_OC_DelayElapsedCallback
                0x0000000008003140       0x10 ./Drivers/STM32F0xx_HAL_Driver/Src/stm32f0xx_hal_tim.o
                0x0000000008003140                HAL_TIM_OC_DelayElapsedCallback
 .text.HAL_TIM_IC_CaptureHalfCpltCallback
                0x0000000008003150       0x10 ./Drivers/STM32F0xx_HAL_Driver/Src/stm32f0xx_hal_tim.o
                0x0000000008003150                HAL_TIM_IC_CaptureHalfCpltCallback
 .text.HAL_TIM_PWM_PulseFinishedCallback
                0x0000000008003160       0x10 ./Drivers/STM32F0xx_HAL_Driver/Src/stm32f0xx_hal_tim.o
                0x0000000008003160                HAL_TIM_PWM_PulseFinishedCallback
 .text.HAL_TIM_PWM_PulseFinishedHalfCpltCallback
                0x0000000008003170       0x10 ./Drivers/STM32F0xx_HAL_Driver/Src/stm32f0xx_hal_tim.o
                0x0000000008003170                HAL_TIM_PWM_PulseFinishedHalfCpltCallback
 .text.HAL_TIM_TriggerCallback
                0x0000000008003180       0x10 ./Drivers/STM32F0xx_HAL_Driver/Src/stm32f0xx_hal_tim.o
                0x0000000008003180                HAL_TIM_TriggerCallback
 .text.HAL_TIM_ErrorCallback
                0x0000000008003190       0x10 ./Drivers/STM32F0xx_HAL_Driver/Src/stm32f0xx_hal_tim.o
                0x0000000008003190                HAL_TIM_ErrorCallback
 .text.TIM_DMAError
                0x00000000080031a0       0x94 ./Drivers/STM32F0xx_HAL_Driver/Src/stm32f0xx_hal_tim.o
                0x00000000080031a0                TIM_DMAError
 .text.TIM_DMADelayPulseCplt
                0x0000000008003234       0xaa ./Drivers/STM32F0xx_HAL_Driver/Src/stm32f0xx_hal_tim.o
 .text.TIM_DMADelayPulseHalfCplt
                0x00000000080032de       0x6a ./Drivers/STM32F0xx_HAL_Driver/Src/stm32f0xx_hal_tim.o
                0x00000000080032de                TIM_DMADelayPulseHalfCplt
 .text.TIM_DMACaptureCplt
                0x0000000008003348       0xca ./Drivers/STM32F0xx_HAL_Driver/Src/stm32f0xx_hal_tim.o
                0x0000000008003348                TIM_DMACaptureCplt
 .text.TIM_DMACaptureHalfCplt
                0x0000000008003412       0x6a ./Drivers/STM32F0xx_HAL_Driver/Src/stm32f0xx_hal_tim.o
                0x0000000008003412                TIM_DMACaptureHalfCplt
 .text.TIM_Base_SetConfig
                0x000000000800347c      0x100 ./Drivers/STM32F0xx_HAL_Driver/Src/stm32f0xx_hal_tim.o
                0x000000000800347c                TIM_Base_SetConfig
 .text.TIM_OC1_SetConfig
                0x000000000800357c      0x110 ./Drivers/STM32F0xx_HAL_Driver/Src/stm32f0xx_hal_tim.o
 .text.TIM_OC2_SetConfig
                0x000000000800368c      0x108 ./Drivers/STM32F0xx_HAL_Driver/Src/stm32f0xx_hal_tim.o
                0x000000000800368c                TIM_OC2_SetConfig
 .text.TIM_OC3_SetConfig
                0x0000000008003794      0x10c ./Drivers/STM32F0xx_HAL_Driver/Src/stm32f0xx_hal_tim.o
 .text.TIM_OC4_SetConfig
                0x00000000080038a0       0xd4 ./Drivers/STM32F0xx_HAL_Driver/Src/stm32f0xx_hal_tim.o
 .text.TIM_TI1_SetConfig
                0x0000000008003974       0xb8 ./Drivers/STM32F0xx_HAL_Driver/Src/stm32f0xx_hal_tim.o
                0x0000000008003974                TIM_TI1_SetConfig
 .text.TIM_TI1_ConfigInputStage
                0x0000000008003a2c       0x5c ./Drivers/STM32F0xx_HAL_Driver/Src/stm32f0xx_hal_tim.o
 .text.TIM_TI2_SetConfig
                0x0000000008003a88       0x84 ./Drivers/STM32F0xx_HAL_Driver/Src/stm32f0xx_hal_tim.o
 .text.TIM_TI2_ConfigInputStage
                0x0000000008003b0c       0x64 ./Drivers/STM32F0xx_HAL_Driver/Src/stm32f0xx_hal_tim.o
 .text.TIM_TI3_SetConfig
                0x0000000008003b70       0x80 ./Drivers/STM32F0xx_HAL_Driver/Src/stm32f0xx_hal_tim.o
 .text.TIM_TI4_SetConfig
                0x0000000008003bf0       0x8c ./Drivers/STM32F0xx_HAL_Driver/Src/stm32f0xx_hal_tim.o
 .text.TIM_ITRx_SetConfig
                0x0000000008003c7c       0x32 ./Drivers/STM32F0xx_HAL_Driver/Src/stm32f0xx_hal_tim.o
 *fill*         0x0000000008003cae        0x2 
 .text.TIM_ETR_SetConfig
                0x0000000008003cb0       0x40 ./Drivers/STM32F0xx_HAL_Driver/Src/stm32f0xx_hal_tim.o
                0x0000000008003cb0                TIM_ETR_SetConfig
 .text.TIM_CCxChannelCmd
                0x0000000008003cf0       0x46 ./Drivers/STM32F0xx_HAL_Driver/Src/stm32f0xx_hal_tim.o
                0x0000000008003cf0                TIM_CCxChannelCmd
 *fill*         0x0000000008003d36        0x2 
 .text.HAL_TIMEx_MasterConfigSynchronization
                0x0000000008003d38       0xbc ./Drivers/STM32F0xx_HAL_Driver/Src/stm32f0xx_hal_tim_ex.o
                0x0000000008003d38                HAL_TIMEx_MasterConfigSynchronization
 .text.HAL_TIMEx_ConfigBreakDeadTime
                0x0000000008003df4       0xbc ./Drivers/STM32F0xx_HAL_Driver/Src/stm32f0xx_hal_tim_ex.o
                0x0000000008003df4                HAL_TIMEx_ConfigBreakDeadTime
 .text.HAL_TIMEx_CommutCallback
                0x0000000008003eb0       0x10 ./Drivers/STM32F0xx_HAL_Driver/Src/stm32f0xx_hal_tim_ex.o
                0x0000000008003eb0                HAL_TIMEx_CommutCallback
 .text.HAL_TIMEx_BreakCallback
                0x0000000008003ec0       0x10 ./Drivers/STM32F0xx_HAL_Driver/Src/stm32f0xx_hal_tim_ex.o
                0x0000000008003ec0                HAL_TIMEx_BreakCallback
 .text.HAL_TIM_IC_CaptureCallback
                0x0000000008003ed0       0x30 ./cpp/src/main.o
                0x0000000008003ed0                HAL_TIM_IC_CaptureCallback
 .text._Z10divClosesttt
                0x0000000008003f00       0x38 ./cpp/src/main.o
                0x0000000008003f00                divClosest(unsigned short, unsigned short)
 .text._Z16processDmaSignalv
                0x0000000008003f38       0xd8 ./cpp/src/main.o
                0x0000000008003f38                processDmaSignal()
 .text.HAL_TIM_PeriodElapsedCallback
                0x0000000008004010       0x90 ./cpp/src/main.o
                0x0000000008004010                HAL_TIM_PeriodElapsedCallback
 .text._Z8A_RISINGv
                0x00000000080040a0       0x90 ./cpp/src/main.o
                0x00000000080040a0                A_RISING()
 .text._Z9A_FALLINGv
                0x0000000008004130       0x90 ./cpp/src/main.o
                0x0000000008004130                A_FALLING()
 .text._Z8B_RISINGv
                0x00000000080041c0       0x90 ./cpp/src/main.o
                0x00000000080041c0                B_RISING()
 .text._Z9B_FALLINGv
                0x0000000008004250       0x90 ./cpp/src/main.o
                0x0000000008004250                B_FALLING()
 .text._Z8C_RISINGv
                0x00000000080042e0       0x94 ./cpp/src/main.o
                0x00000000080042e0                C_RISING()
 .text._Z9C_FALLINGv
                0x0000000008004374       0x94 ./cpp/src/main.o
                0x0000000008004374                C_FALLING()
 .text._Z9bldc_movev
                0x0000000008004408      0x31c ./cpp/src/main.o
                0x0000000008004408                bldc_move()
 .text._Z12bldc_move_olv
                0x0000000008004724      0x258 ./cpp/src/main.o
                0x0000000008004724                bldc_move_ol()
 .text._Z7all_offv
                0x000000000800497c       0xc0 ./cpp/src/main.o
                0x000000000800497c                all_off()
 .text.HAL_GPIO_EXTI_Callback
                0x0000000008004a3c       0xe4 ./cpp/src/main.o
                0x0000000008004a3c                HAL_GPIO_EXTI_Callback
 .text._Z5setupv
                0x0000000008004b20       0xd4 ./cpp/src/main.o
                0x0000000008004b20                setup()
 .text._Z7delay_ut
                0x0000000008004bf4       0x40 ./cpp/src/main.o
                0x0000000008004bf4                delay_u(unsigned short)
 .text.maincpp  0x0000000008004c34      0x1b0 ./cpp/src/main.o
                0x0000000008004c34                maincpp
 .text.__libc_init_array
                0x0000000008004de4       0x48 c:/st/stm32cubeide_1.8.0/stm32cubeide/plugins/com.st.stm32cube.ide.mcu.externaltools.gnu-tools-for-stm32.9-2020-q2-update.win32_2.0.0.202105311346/tools/bin/../lib/gcc/arm-none-eabi/9.3.1/../../../../arm-none-eabi/lib/thumb/v6-m/nofp\libc_nano.a(lib_a-init.o)
                0x0000000008004de4                __libc_init_array
 .text.memset   0x0000000008004e2c       0x10 c:/st/stm32cubeide_1.8.0/stm32cubeide/plugins/com.st.stm32cube.ide.mcu.externaltools.gnu-tools-for-stm32.9-2020-q2-update.win32_2.0.0.202105311346/tools/bin/../lib/gcc/arm-none-eabi/9.3.1/../../../../arm-none-eabi/lib/thumb/v6-m/nofp\libc_nano.a(lib_a-memset.o)
                0x0000000008004e2c                memset
 *(.glue_7)
 .glue_7        0x0000000008004e3c        0x0 linker stubs
 *(.glue_7t)
 .glue_7t       0x0000000008004e3c        0x0 linker stubs
 *(.eh_frame)
 .eh_frame      0x0000000008004e3c        0x0 c:/st/stm32cubeide_1.8.0/stm32cubeide/plugins/com.st.stm32cube.ide.mcu.externaltools.gnu-tools-for-stm32.9-2020-q2-update.win32_2.0.0.202105311346/tools/bin/../lib/gcc/arm-none-eabi/9.3.1/thumb/v6-m/nofp/crtbegin.o
 *(.init)
 .init          0x0000000008004e3c        0x4 c:/st/stm32cubeide_1.8.0/stm32cubeide/plugins/com.st.stm32cube.ide.mcu.externaltools.gnu-tools-for-stm32.9-2020-q2-update.win32_2.0.0.202105311346/tools/bin/../lib/gcc/arm-none-eabi/9.3.1/thumb/v6-m/nofp/crti.o
                0x0000000008004e3c                _init
 .init          0x0000000008004e40        0x8 c:/st/stm32cubeide_1.8.0/stm32cubeide/plugins/com.st.stm32cube.ide.mcu.externaltools.gnu-tools-for-stm32.9-2020-q2-update.win32_2.0.0.202105311346/tools/bin/../lib/gcc/arm-none-eabi/9.3.1/thumb/v6-m/nofp/crtn.o
 *(.fini)
 .fini          0x0000000008004e48        0x4 c:/st/stm32cubeide_1.8.0/stm32cubeide/plugins/com.st.stm32cube.ide.mcu.externaltools.gnu-tools-for-stm32.9-2020-q2-update.win32_2.0.0.202105311346/tools/bin/../lib/gcc/arm-none-eabi/9.3.1/thumb/v6-m/nofp/crti.o
                0x0000000008004e48                _fini
 .fini          0x0000000008004e4c        0x8 c:/st/stm32cubeide_1.8.0/stm32cubeide/plugins/com.st.stm32cube.ide.mcu.externaltools.gnu-tools-for-stm32.9-2020-q2-update.win32_2.0.0.202105311346/tools/bin/../lib/gcc/arm-none-eabi/9.3.1/thumb/v6-m/nofp/crtn.o
                0x0000000008004e54                . = ALIGN (0x4)
                0x0000000008004e54                _etext = .

.vfp11_veneer   0x0000000008004e54        0x0
 .vfp11_veneer  0x0000000008004e54        0x0 linker stubs

.v4_bx          0x0000000008004e54        0x0
 .v4_bx         0x0000000008004e54        0x0 linker stubs

.iplt           0x0000000008004e54        0x0
 .iplt          0x0000000008004e54        0x0 c:/st/stm32cubeide_1.8.0/stm32cubeide/plugins/com.st.stm32cube.ide.mcu.externaltools.gnu-tools-for-stm32.9-2020-q2-update.win32_2.0.0.202105311346/tools/bin/../lib/gcc/arm-none-eabi/9.3.1/thumb/v6-m/nofp/crtbegin.o

.rodata         0x0000000008004e54       0x78
                0x0000000008004e54                . = ALIGN (0x4)
 *(.rodata)
 *(.rodata*)
 .rodata.AHBPrescTable
                0x0000000008004e54       0x10 ./Core/Src/system_stm32f0xx.o
                0x0000000008004e54                AHBPrescTable
 .rodata.aPLLMULFactorTable.6041
                0x0000000008004e64       0x10 ./Drivers/STM32F0xx_HAL_Driver/Src/stm32f0xx_hal_rcc.o
 .rodata.aPredivFactorTable.6042
                0x0000000008004e74       0x10 ./Drivers/STM32F0xx_HAL_Driver/Src/stm32f0xx_hal_rcc.o
 .rodata._Z9bldc_movev
                0x0000000008004e84       0x18 ./cpp/src/main.o
 .rodata._Z12bldc_move_olv
                0x0000000008004e9c       0x18 ./cpp/src/main.o
 .rodata.maincpp
                0x0000000008004eb4       0x18 ./cpp/src/main.o
                0x0000000008004ecc                . = ALIGN (0x4)

.rel.dyn        0x0000000008004ecc        0x0
 .rel.iplt      0x0000000008004ecc        0x0 c:/st/stm32cubeide_1.8.0/stm32cubeide/plugins/com.st.stm32cube.ide.mcu.externaltools.gnu-tools-for-stm32.9-2020-q2-update.win32_2.0.0.202105311346/tools/bin/../lib/gcc/arm-none-eabi/9.3.1/thumb/v6-m/nofp/crtbegin.o

.ARM.extab      0x0000000008004ecc        0x0
                0x0000000008004ecc                . = ALIGN (0x4)
 *(.ARM.extab* .gnu.linkonce.armextab.*)
                0x0000000008004ecc                . = ALIGN (0x4)

.ARM            0x0000000008004ecc        0x0
                0x0000000008004ecc                . = ALIGN (0x4)
                0x0000000008004ecc                __exidx_start = .
 *(.ARM.exidx*)
                0x0000000008004ecc                __exidx_end = .
                0x0000000008004ecc                . = ALIGN (0x4)

.preinit_array  0x0000000008004ecc        0x0
                0x0000000008004ecc                . = ALIGN (0x4)
                0x0000000008004ecc                PROVIDE (__preinit_array_start = .)
 *(.preinit_array*)
                0x0000000008004ecc                PROVIDE (__preinit_array_end = .)
                0x0000000008004ecc                . = ALIGN (0x4)

.init_array     0x0000000008004ecc        0x4
                0x0000000008004ecc                . = ALIGN (0x4)
                0x0000000008004ecc                PROVIDE (__init_array_start = .)
 *(SORT_BY_NAME(.init_array.*))
 *(.init_array*)
 .init_array    0x0000000008004ecc        0x4 c:/st/stm32cubeide_1.8.0/stm32cubeide/plugins/com.st.stm32cube.ide.mcu.externaltools.gnu-tools-for-stm32.9-2020-q2-update.win32_2.0.0.202105311346/tools/bin/../lib/gcc/arm-none-eabi/9.3.1/thumb/v6-m/nofp/crtbegin.o
                0x0000000008004ed0                PROVIDE (__init_array_end = .)
                0x0000000008004ed0                . = ALIGN (0x4)

.fini_array     0x0000000008004ed0        0x4
                0x0000000008004ed0                . = ALIGN (0x4)
                [!provide]                        PROVIDE (__fini_array_start = .)
 *(SORT_BY_NAME(.fini_array.*))
 *(.fini_array*)
 .fini_array    0x0000000008004ed0        0x4 c:/st/stm32cubeide_1.8.0/stm32cubeide/plugins/com.st.stm32cube.ide.mcu.externaltools.gnu-tools-for-stm32.9-2020-q2-update.win32_2.0.0.202105311346/tools/bin/../lib/gcc/arm-none-eabi/9.3.1/thumb/v6-m/nofp/crtbegin.o
                [!provide]                        PROVIDE (__fini_array_end = .)
                0x0000000008004ed4                . = ALIGN (0x4)
                0x0000000008004ed4                _sidata = LOADADDR (.data)

.data           0x0000000020000000       0x3c load address 0x0000000008004ed4
                0x0000000020000000                . = ALIGN (0x4)
                0x0000000020000000                _sdata = .
 *(.data)
 *(.data*)
 .data.SystemCoreClock
                0x0000000020000000        0x4 ./Core/Src/system_stm32f0xx.o
                0x0000000020000000                SystemCoreClock
 .data.uwTickPrio
                0x0000000020000004        0x4 ./Drivers/STM32F0xx_HAL_Driver/Src/stm32f0xx_hal.o
                0x0000000020000004                uwTickPrio
 .data.uwTickFreq
                0x0000000020000008        0x1 ./Drivers/STM32F0xx_HAL_Driver/Src/stm32f0xx_hal.o
                0x0000000020000008                uwTickFreq
 *fill*         0x0000000020000009        0x3 
 .data.PWM_CCER_ONMASK
                0x000000002000000c        0xc ./cpp/src/main.o
                0x000000002000000c                PWM_CCER_ONMASK
 .data.PWM_CCER_OFFMASK
                0x0000000020000018        0xc ./cpp/src/main.o
                0x0000000020000018                PWM_CCER_OFFMASK
 .data.zcPortOff
                0x0000000020000024       0x18 ./cpp/src/main.o
                0x0000000020000024                zcPortOff
 *(.RamFunc)
 *(.RamFunc*)
                0x000000002000003c                . = ALIGN (0x4)
                0x000000002000003c                _edata = .

.igot.plt       0x000000002000003c        0x0 load address 0x0000000008004f10
 .igot.plt      0x000000002000003c        0x0 c:/st/stm32cubeide_1.8.0/stm32cubeide/plugins/com.st.stm32cube.ide.mcu.externaltools.gnu-tools-for-stm32.9-2020-q2-update.win32_2.0.0.202105311346/tools/bin/../lib/gcc/arm-none-eabi/9.3.1/thumb/v6-m/nofp/crtbegin.o
                0x000000002000003c                . = ALIGN (0x4)

.bss            0x000000002000003c      0x2b4 load address 0x0000000008004f10
                0x000000002000003c                _sbss = .
                0x000000002000003c                __bss_start__ = _sbss
 *(.bss)
 .bss           0x000000002000003c       0x1c c:/st/stm32cubeide_1.8.0/stm32cubeide/plugins/com.st.stm32cube.ide.mcu.externaltools.gnu-tools-for-stm32.9-2020-q2-update.win32_2.0.0.202105311346/tools/bin/../lib/gcc/arm-none-eabi/9.3.1/thumb/v6-m/nofp/crtbegin.o
 *(.bss*)
 .bss.it_count_a
                0x0000000020000058        0x4 ./Core/Src/stm32f0xx_it.o
                0x0000000020000058                it_count_a
 .bss.it_count_b
                0x000000002000005c        0x4 ./Core/Src/stm32f0xx_it.o
                0x000000002000005c                it_count_b
 .bss.it_count_c
                0x0000000020000060        0x4 ./Core/Src/stm32f0xx_it.o
                0x0000000020000060                it_count_c
 .bss.dmaSignal
                0x0000000020000064       0x20 ./cpp/src/main.o
                0x0000000020000064                dmaSignal
 .bss.dmaSignalNormalized
                0x0000000020000084       0x20 ./cpp/src/main.o
                0x0000000020000084                dmaSignalNormalized
 .bss.newDmaSignal
                0x00000000200000a4        0x1 ./cpp/src/main.o
                0x00000000200000a4                newDmaSignal
 *fill*         0x00000000200000a5        0x1 
 .bss.speed     0x00000000200000a6        0x2 ./cpp/src/main.o
                0x00000000200000a6                speed
 .bss.testSpeed
                0x00000000200000a8        0x2 ./cpp/src/main.o
                0x00000000200000a8                testSpeed
 *fill*         0x00000000200000aa        0x2 
 .bss.htim6     0x00000000200000ac       0x48 ./cpp/src/main.o
                0x00000000200000ac                htim6
 .bss.htim3     0x00000000200000f4       0x48 ./cpp/src/main.o
                0x00000000200000f4                htim3
 .bss.htim2     0x000000002000013c       0x48 ./cpp/src/main.o
                0x000000002000013c                htim2
 .bss.htim1     0x0000000020000184       0x48 ./cpp/src/main.o
                0x0000000020000184                htim1
 .bss.it_config_r
                0x00000000200001cc        0x4 ./cpp/src/main.o
                0x00000000200001cc                it_config_r
 .bss.it_config_f
                0x00000000200001d0        0x4 ./cpp/src/main.o
                0x00000000200001d0                it_config_f
 .bss.consecutive
                0x00000000200001d4        0x1 ./cpp/src/main.o
                0x00000000200001d4                consecutive
 *fill*         0x00000000200001d5        0x1 
 .bss.run_motor
                0x00000000200001d6        0x2 ./cpp/src/main.o
                0x00000000200001d6                run_motor
 .bss.bldc_state
                0x00000000200001d8        0x1 ./cpp/src/main.o
                0x00000000200001d8                bldc_state
 *fill*         0x00000000200001d9        0x1 
 .bss.nextITPin
                0x00000000200001da        0x2 ./cpp/src/main.o
                0x00000000200001da                nextITPin
 *(COMMON)
 COMMON         0x00000000200001dc      0x110 ./Core/Src/main.o
                0x00000000200001dc                hdma_tim1_ch1
                0x0000000020000220                hdma_tim1_ch3_up
                0x0000000020000264                hdma_tim1_ch2
                0x00000000200002a8                hdma_tim3_ch1_trig
 COMMON         0x00000000200002ec        0x4 ./Drivers/STM32F0xx_HAL_Driver/Src/stm32f0xx_hal.o
                0x00000000200002ec                uwTick
                0x00000000200002f0                . = ALIGN (0x4)
                0x00000000200002f0                _ebss = .
                0x00000000200002f0                __bss_end__ = _ebss

._user_heap_stack
                0x00000000200002f0      0x600 load address 0x0000000008004f10
                0x00000000200002f0                . = ALIGN (0x8)
                [!provide]                        PROVIDE (end = .)
                0x00000000200002f0                PROVIDE (_end = .)
                0x00000000200004f0                . = (. + _Min_Heap_Size)
 *fill*         0x00000000200002f0      0x200 
                0x00000000200008f0                . = (. + _Min_Stack_Size)
 *fill*         0x00000000200004f0      0x400 
                0x00000000200008f0                . = ALIGN (0x8)

/DISCARD/
 libc.a(*)
 libm.a(*)
 libgcc.a(*)

.ARM.attributes
                0x0000000000000000       0x28
 *(.ARM.attributes)
 .ARM.attributes
                0x0000000000000000       0x1e c:/st/stm32cubeide_1.8.0/stm32cubeide/plugins/com.st.stm32cube.ide.mcu.externaltools.gnu-tools-for-stm32.9-2020-q2-update.win32_2.0.0.202105311346/tools/bin/../lib/gcc/arm-none-eabi/9.3.1/thumb/v6-m/nofp/crti.o
 .ARM.attributes
                0x000000000000001e       0x2c c:/st/stm32cubeide_1.8.0/stm32cubeide/plugins/com.st.stm32cube.ide.mcu.externaltools.gnu-tools-for-stm32.9-2020-q2-update.win32_2.0.0.202105311346/tools/bin/../lib/gcc/arm-none-eabi/9.3.1/thumb/v6-m/nofp/crtbegin.o
 .ARM.attributes
                0x000000000000004a       0x2c ./Core/Src/main.o
 .ARM.attributes
                0x0000000000000076       0x2c ./Core/Src/stm32f0xx_hal_msp.o
 .ARM.attributes
                0x00000000000000a2       0x2c ./Core/Src/stm32f0xx_it.o
 .ARM.attributes
                0x00000000000000ce       0x2c ./Core/Src/system_stm32f0xx.o
 .ARM.attributes
                0x00000000000000fa       0x21 ./Core/Startup/startup_stm32f051r8tx.o
 .ARM.attributes
                0x000000000000011b       0x2c ./Drivers/STM32F0xx_HAL_Driver/Src/stm32f0xx_hal.o
 .ARM.attributes
                0x0000000000000147       0x2c ./Drivers/STM32F0xx_HAL_Driver/Src/stm32f0xx_hal_cortex.o
 .ARM.attributes
                0x0000000000000173       0x2c ./Drivers/STM32F0xx_HAL_Driver/Src/stm32f0xx_hal_dma.o
 .ARM.attributes
                0x000000000000019f       0x2c ./Drivers/STM32F0xx_HAL_Driver/Src/stm32f0xx_hal_gpio.o
 .ARM.attributes
                0x00000000000001cb       0x2c ./Drivers/STM32F0xx_HAL_Driver/Src/stm32f0xx_hal_rcc.o
 .ARM.attributes
                0x00000000000001f7       0x2c ./Drivers/STM32F0xx_HAL_Driver/Src/stm32f0xx_hal_tim.o
 .ARM.attributes
                0x0000000000000223       0x2c ./Drivers/STM32F0xx_HAL_Driver/Src/stm32f0xx_hal_tim_ex.o
 .ARM.attributes
                0x000000000000024f       0x2c ./cpp/src/main.o
 .ARM.attributes
                0x000000000000027b       0x2c c:/st/stm32cubeide_1.8.0/stm32cubeide/plugins/com.st.stm32cube.ide.mcu.externaltools.gnu-tools-for-stm32.9-2020-q2-update.win32_2.0.0.202105311346/tools/bin/../lib/gcc/arm-none-eabi/9.3.1/../../../../arm-none-eabi/lib/thumb/v6-m/nofp\libc_nano.a(lib_a-init.o)
 .ARM.attributes
                0x00000000000002a7       0x2c c:/st/stm32cubeide_1.8.0/stm32cubeide/plugins/com.st.stm32cube.ide.mcu.externaltools.gnu-tools-for-stm32.9-2020-q2-update.win32_2.0.0.202105311346/tools/bin/../lib/gcc/arm-none-eabi/9.3.1/../../../../arm-none-eabi/lib/thumb/v6-m/nofp\libc_nano.a(lib_a-memset.o)
 .ARM.attributes
                0x00000000000002d3       0x1e c:/st/stm32cubeide_1.8.0/stm32cubeide/plugins/com.st.stm32cube.ide.mcu.externaltools.gnu-tools-for-stm32.9-2020-q2-update.win32_2.0.0.202105311346/tools/bin/../lib/gcc/arm-none-eabi/9.3.1/thumb/v6-m/nofp\libgcc.a(_udivsi3.o)
 .ARM.attributes
                0x00000000000002f1       0x1e c:/st/stm32cubeide_1.8.0/stm32cubeide/plugins/com.st.stm32cube.ide.mcu.externaltools.gnu-tools-for-stm32.9-2020-q2-update.win32_2.0.0.202105311346/tools/bin/../lib/gcc/arm-none-eabi/9.3.1/thumb/v6-m/nofp\libgcc.a(_divsi3.o)
 .ARM.attributes
                0x000000000000030f       0x1e c:/st/stm32cubeide_1.8.0/stm32cubeide/plugins/com.st.stm32cube.ide.mcu.externaltools.gnu-tools-for-stm32.9-2020-q2-update.win32_2.0.0.202105311346/tools/bin/../lib/gcc/arm-none-eabi/9.3.1/thumb/v6-m/nofp\libgcc.a(_dvmd_tls.o)
 .ARM.attributes
                0x000000000000032d       0x1e c:/st/stm32cubeide_1.8.0/stm32cubeide/plugins/com.st.stm32cube.ide.mcu.externaltools.gnu-tools-for-stm32.9-2020-q2-update.win32_2.0.0.202105311346/tools/bin/../lib/gcc/arm-none-eabi/9.3.1/thumb/v6-m/nofp/crtn.o
OUTPUT(ESCV1_MCUFDEV.elf elf32-littlearm)
LOAD linker stubs
LOAD c:/st/stm32cubeide_1.8.0/stm32cubeide/plugins/com.st.stm32cube.ide.mcu.externaltools.gnu-tools-for-stm32.9-2020-q2-update.win32_2.0.0.202105311346/tools/bin/../lib/gcc/arm-none-eabi/9.3.1/../../../../arm-none-eabi/lib/thumb/v6-m/nofp\libc.a
LOAD c:/st/stm32cubeide_1.8.0/stm32cubeide/plugins/com.st.stm32cube.ide.mcu.externaltools.gnu-tools-for-stm32.9-2020-q2-update.win32_2.0.0.202105311346/tools/bin/../lib/gcc/arm-none-eabi/9.3.1/../../../../arm-none-eabi/lib/thumb/v6-m/nofp\libm.a
LOAD c:/st/stm32cubeide_1.8.0/stm32cubeide/plugins/com.st.stm32cube.ide.mcu.externaltools.gnu-tools-for-stm32.9-2020-q2-update.win32_2.0.0.202105311346/tools/bin/../lib/gcc/arm-none-eabi/9.3.1/thumb/v6-m/nofp\libgcc.a

.debug_info     0x0000000000000000     0xa4c7
 .debug_info    0x0000000000000000      0xf7d ./Core/Src/main.o
 .debug_info    0x0000000000000f7d      0xc1a ./Core/Src/stm32f0xx_hal_msp.o
 .debug_info    0x0000000000001b97      0x7ee ./Core/Src/stm32f0xx_it.o
 .debug_info    0x0000000000002385      0x2c3 ./Core/Src/system_stm32f0xx.o
 .debug_info    0x0000000000002648       0x22 ./Core/Startup/startup_stm32f051r8tx.o
 .debug_info    0x000000000000266a      0x6ff ./Drivers/STM32F0xx_HAL_Driver/Src/stm32f0xx_hal.o
 .debug_info    0x0000000000002d69      0x7d6 ./Drivers/STM32F0xx_HAL_Driver/Src/stm32f0xx_hal_cortex.o
 .debug_info    0x000000000000353f      0x80a ./Drivers/STM32F0xx_HAL_Driver/Src/stm32f0xx_hal_dma.o
 .debug_info    0x0000000000003d49      0x6e5 ./Drivers/STM32F0xx_HAL_Driver/Src/stm32f0xx_hal_gpio.o
 .debug_info    0x000000000000442e      0x8a8 ./Drivers/STM32F0xx_HAL_Driver/Src/stm32f0xx_hal_rcc.o
 .debug_info    0x0000000000004cd6     0x2be1 ./Drivers/STM32F0xx_HAL_Driver/Src/stm32f0xx_hal_tim.o
 .debug_info    0x00000000000078b7     0x154e ./Drivers/STM32F0xx_HAL_Driver/Src/stm32f0xx_hal_tim_ex.o
 .debug_info    0x0000000000008e05     0x16c2 ./cpp/src/main.o

.debug_abbrev   0x0000000000000000     0x1a7b
 .debug_abbrev  0x0000000000000000      0x24f ./Core/Src/main.o
 .debug_abbrev  0x000000000000024f      0x206 ./Core/Src/stm32f0xx_hal_msp.o
 .debug_abbrev  0x0000000000000455      0x19a ./Core/Src/stm32f0xx_it.o
 .debug_abbrev  0x00000000000005ef      0x145 ./Core/Src/system_stm32f0xx.o
 .debug_abbrev  0x0000000000000734       0x12 ./Core/Startup/startup_stm32f051r8tx.o
 .debug_abbrev  0x0000000000000746      0x21e ./Drivers/STM32F0xx_HAL_Driver/Src/stm32f0xx_hal.o
 .debug_abbrev  0x0000000000000964      0x2a9 ./Drivers/STM32F0xx_HAL_Driver/Src/stm32f0xx_hal_cortex.o
 .debug_abbrev  0x0000000000000c0d      0x213 ./Drivers/STM32F0xx_HAL_Driver/Src/stm32f0xx_hal_dma.o
 .debug_abbrev  0x0000000000000e20      0x1e8 ./Drivers/STM32F0xx_HAL_Driver/Src/stm32f0xx_hal_gpio.o
 .debug_abbrev  0x0000000000001008      0x23b ./Drivers/STM32F0xx_HAL_Driver/Src/stm32f0xx_hal_rcc.o
 .debug_abbrev  0x0000000000001243      0x26f ./Drivers/STM32F0xx_HAL_Driver/Src/stm32f0xx_hal_tim.o
 .debug_abbrev  0x00000000000014b2      0x277 ./Drivers/STM32F0xx_HAL_Driver/Src/stm32f0xx_hal_tim_ex.o
 .debug_abbrev  0x0000000000001729      0x352 ./cpp/src/main.o

.debug_aranges  0x0000000000000000      0xa40
 .debug_aranges
                0x0000000000000000       0x60 ./Core/Src/main.o
 .debug_aranges
                0x0000000000000060       0x58 ./Core/Src/stm32f0xx_hal_msp.o
 .debug_aranges
                0x00000000000000b8       0x68 ./Core/Src/stm32f0xx_it.o
 .debug_aranges
                0x0000000000000120       0x28 ./Core/Src/system_stm32f0xx.o
 .debug_aranges
                0x0000000000000148       0x28 ./Core/Startup/startup_stm32f051r8tx.o
 .debug_aranges
                0x0000000000000170       0xd0 ./Drivers/STM32F0xx_HAL_Driver/Src/stm32f0xx_hal.o
 .debug_aranges
                0x0000000000000240       0xc0 ./Drivers/STM32F0xx_HAL_Driver/Src/stm32f0xx_hal_cortex.o
 .debug_aranges
                0x0000000000000300       0x88 ./Drivers/STM32F0xx_HAL_Driver/Src/stm32f0xx_hal_dma.o
 .debug_aranges
                0x0000000000000388       0x58 ./Drivers/STM32F0xx_HAL_Driver/Src/stm32f0xx_hal_gpio.o
 .debug_aranges
                0x00000000000003e0       0x80 ./Drivers/STM32F0xx_HAL_Driver/Src/stm32f0xx_hal_rcc.o
 .debug_aranges
                0x0000000000000460      0x3d0 ./Drivers/STM32F0xx_HAL_Driver/Src/stm32f0xx_hal_tim.o
 .debug_aranges
                0x0000000000000830      0x168 ./Drivers/STM32F0xx_HAL_Driver/Src/stm32f0xx_hal_tim_ex.o
 .debug_aranges
                0x0000000000000998       0xa8 ./cpp/src/main.o

.debug_ranges   0x0000000000000000      0x978
 .debug_ranges  0x0000000000000000       0x50 ./Core/Src/main.o
 .debug_ranges  0x0000000000000050       0x48 ./Core/Src/stm32f0xx_hal_msp.o
 .debug_ranges  0x0000000000000098       0x58 ./Core/Src/stm32f0xx_it.o
 .debug_ranges  0x00000000000000f0       0x18 ./Core/Src/system_stm32f0xx.o
 .debug_ranges  0x0000000000000108       0x20 ./Core/Startup/startup_stm32f051r8tx.o
 .debug_ranges  0x0000000000000128       0xc0 ./Drivers/STM32F0xx_HAL_Driver/Src/stm32f0xx_hal.o
 .debug_ranges  0x00000000000001e8       0xb0 ./Drivers/STM32F0xx_HAL_Driver/Src/stm32f0xx_hal_cortex.o
 .debug_ranges  0x0000000000000298       0x78 ./Drivers/STM32F0xx_HAL_Driver/Src/stm32f0xx_hal_dma.o
 .debug_ranges  0x0000000000000310       0x48 ./Drivers/STM32F0xx_HAL_Driver/Src/stm32f0xx_hal_gpio.o
 .debug_ranges  0x0000000000000358       0x70 ./Drivers/STM32F0xx_HAL_Driver/Src/stm32f0xx_hal_rcc.o
 .debug_ranges  0x00000000000003c8      0x3c0 ./Drivers/STM32F0xx_HAL_Driver/Src/stm32f0xx_hal_tim.o
 .debug_ranges  0x0000000000000788      0x158 ./Drivers/STM32F0xx_HAL_Driver/Src/stm32f0xx_hal_tim_ex.o
 .debug_ranges  0x00000000000008e0       0x98 ./cpp/src/main.o

.debug_macro    0x0000000000000000    0x1297e
 .debug_macro   0x0000000000000000      0x1bd ./Core/Src/main.o
 .debug_macro   0x00000000000001bd      0xa7e ./Core/Src/main.o
 .debug_macro   0x0000000000000c3b      0x12d ./Core/Src/main.o
 .debug_macro   0x0000000000000d68       0x2e ./Core/Src/main.o
 .debug_macro   0x0000000000000d96       0x22 ./Core/Src/main.o
 .debug_macro   0x0000000000000db8       0x22 ./Core/Src/main.o
 .debug_macro   0x0000000000000dda       0x8e ./Core/Src/main.o
 .debug_macro   0x0000000000000e68       0x51 ./Core/Src/main.o
 .debug_macro   0x0000000000000eb9      0x103 ./Core/Src/main.o
 .debug_macro   0x0000000000000fbc       0x6a ./Core/Src/main.o
 .debug_macro   0x0000000000001026      0x1df ./Core/Src/main.o
 .debug_macro   0x0000000000001205       0x1c ./Core/Src/main.o
 .debug_macro   0x0000000000001221       0x22 ./Core/Src/main.o
 .debug_macro   0x0000000000001243       0xb5 ./Core/Src/main.o
 .debug_macro   0x00000000000012f8      0x391 ./Core/Src/main.o
 .debug_macro   0x0000000000001689     0x8d00 ./Core/Src/main.o
 .debug_macro   0x000000000000a389       0x66 ./Core/Src/main.o
 .debug_macro   0x000000000000a3ef     0x34be ./Core/Src/main.o
 .debug_macro   0x000000000000d8ad      0x174 ./Core/Src/main.o
 .debug_macro   0x000000000000da21       0x55 ./Core/Src/main.o
 .debug_macro   0x000000000000da76      0x924 ./Core/Src/main.o
 .debug_macro   0x000000000000e39a      0x251 ./Core/Src/main.o
 .debug_macro   0x000000000000e5eb      0x1ae ./Core/Src/main.o
 .debug_macro   0x000000000000e799      0x114 ./Core/Src/main.o
 .debug_macro   0x000000000000e8ad      0x1a0 ./Core/Src/main.o
 .debug_macro   0x000000000000ea4d      0x1ed ./Core/Src/main.o
 .debug_macro   0x000000000000ec3a       0x34 ./Core/Src/main.o
 .debug_macro   0x000000000000ec6e       0x43 ./Core/Src/main.o
 .debug_macro   0x000000000000ecb1       0x28 ./Core/Src/main.o
 .debug_macro   0x000000000000ecd9       0xb0 ./Core/Src/main.o
 .debug_macro   0x000000000000ed89      0x199 ./Core/Src/main.o
 .debug_macro   0x000000000000ef22      0x22c ./Core/Src/main.o
 .debug_macro   0x000000000000f14e       0x61 ./Core/Src/main.o
 .debug_macro   0x000000000000f1af       0xa5 ./Core/Src/main.o
 .debug_macro   0x000000000000f254       0x4c ./Core/Src/main.o
 .debug_macro   0x000000000000f2a0      0x112 ./Core/Src/main.o
 .debug_macro   0x000000000000f3b2      0x8f4 ./Core/Src/main.o
 .debug_macro   0x000000000000fca6       0x28 ./Core/Src/main.o
 .debug_macro   0x000000000000fcce      0x114 ./Core/Src/main.o
 .debug_macro   0x000000000000fde2       0xbe ./Core/Src/main.o
 .debug_macro   0x000000000000fea0      0x1bd ./Core/Src/stm32f0xx_hal_msp.o
 .debug_macro   0x000000000001005d      0x1c7 ./Core/Src/stm32f0xx_it.o
 .debug_macro   0x0000000000010224      0x1ae ./Core/Src/system_stm32f0xx.o
 .debug_macro   0x00000000000103d2      0x1d2 ./Drivers/STM32F0xx_HAL_Driver/Src/stm32f0xx_hal.o
 .debug_macro   0x00000000000105a4      0x1ae ./Drivers/STM32F0xx_HAL_Driver/Src/stm32f0xx_hal_cortex.o
 .debug_macro   0x0000000000010752      0x1ae ./Drivers/STM32F0xx_HAL_Driver/Src/stm32f0xx_hal_dma.o
 .debug_macro   0x0000000000010900      0x1b5 ./Drivers/STM32F0xx_HAL_Driver/Src/stm32f0xx_hal_gpio.o
 .debug_macro   0x0000000000010ab5      0x1c0 ./Drivers/STM32F0xx_HAL_Driver/Src/stm32f0xx_hal_rcc.o
 .debug_macro   0x0000000000010c75      0x1af ./Drivers/STM32F0xx_HAL_Driver/Src/stm32f0xx_hal_tim.o
 .debug_macro   0x0000000000010e24      0x1ae ./Drivers/STM32F0xx_HAL_Driver/Src/stm32f0xx_hal_tim_ex.o
 .debug_macro   0x0000000000010fd2      0x35d ./cpp/src/main.o
 .debug_macro   0x000000000001132f      0xb56 ./cpp/src/main.o
 .debug_macro   0x0000000000011e85       0x1c ./cpp/src/main.o
 .debug_macro   0x0000000000011ea1      0x391 ./cpp/src/main.o
 .debug_macro   0x0000000000012232      0x17b ./cpp/src/main.o
 .debug_macro   0x00000000000123ad       0x52 ./cpp/src/main.o
 .debug_macro   0x00000000000123ff       0x34 ./cpp/src/main.o
 .debug_macro   0x0000000000012433       0x43 ./cpp/src/main.o
 .debug_macro   0x0000000000012476       0x16 ./cpp/src/main.o
 .debug_macro   0x000000000001248c      0x356 ./cpp/src/main.o
 .debug_macro   0x00000000000127e2       0x10 ./cpp/src/main.o
 .debug_macro   0x00000000000127f2       0x35 ./cpp/src/main.o
 .debug_macro   0x0000000000012827       0x20 ./cpp/src/main.o
 .debug_macro   0x0000000000012847      0x137 ./cpp/src/main.o

.debug_line     0x0000000000000000     0xb5b4
 .debug_line    0x0000000000000000      0x932 ./Core/Src/main.o
 .debug_line    0x0000000000000932      0x84f ./Core/Src/stm32f0xx_hal_msp.o
 .debug_line    0x0000000000001181      0x796 ./Core/Src/stm32f0xx_it.o
 .debug_line    0x0000000000001917      0x71f ./Core/Src/system_stm32f0xx.o
 .debug_line    0x0000000000002036       0x89 ./Core/Startup/startup_stm32f051r8tx.o
 .debug_line    0x00000000000020bf      0x92a ./Drivers/STM32F0xx_HAL_Driver/Src/stm32f0xx_hal.o
 .debug_line    0x00000000000029e9      0x9d6 ./Drivers/STM32F0xx_HAL_Driver/Src/stm32f0xx_hal_cortex.o
 .debug_line    0x00000000000033bf      0xc4e ./Drivers/STM32F0xx_HAL_Driver/Src/stm32f0xx_hal_dma.o
 .debug_line    0x000000000000400d      0xaa5 ./Drivers/STM32F0xx_HAL_Driver/Src/stm32f0xx_hal_gpio.o
 .debug_line    0x0000000000004ab2      0xd12 ./Drivers/STM32F0xx_HAL_Driver/Src/stm32f0xx_hal_rcc.o
 .debug_line    0x00000000000057c4     0x366f ./Drivers/STM32F0xx_HAL_Driver/Src/stm32f0xx_hal_tim.o
 .debug_line    0x0000000000008e33     0x18ce ./Drivers/STM32F0xx_HAL_Driver/Src/stm32f0xx_hal_tim_ex.o
 .debug_line    0x000000000000a701      0xeb3 ./cpp/src/main.o

.debug_str      0x0000000000000000    0x6d9e5
 .debug_str     0x0000000000000000    0x6703c ./Core/Src/main.o
                                      0x67587 (size before relaxing)
 .debug_str     0x000000000006703c       0xde ./Core/Src/stm32f0xx_hal_msp.o
                                      0x6728f (size before relaxing)
 .debug_str     0x000000000006711a       0xe1 ./Core/Src/stm32f0xx_it.o
                                      0x66ff9 (size before relaxing)
 .debug_str     0x00000000000671fb       0x5f ./Core/Src/system_stm32f0xx.o
                                      0x667c9 (size before relaxing)
 .debug_str     0x000000000006725a       0x36 ./Core/Startup/startup_stm32f051r8tx.o
                                         0x76 (size before relaxing)
 .debug_str     0x0000000000067290      0x305 ./Drivers/STM32F0xx_HAL_Driver/Src/stm32f0xx_hal.o
                                      0x66d0a (size before relaxing)
 .debug_str     0x0000000000067595      0x204 ./Drivers/STM32F0xx_HAL_Driver/Src/stm32f0xx_hal_cortex.o
                                      0x66bbe (size before relaxing)
 .debug_str     0x0000000000067799      0x255 ./Drivers/STM32F0xx_HAL_Driver/Src/stm32f0xx_hal_dma.o
                                      0x66ba1 (size before relaxing)
 .debug_str     0x00000000000679ee      0x136 ./Drivers/STM32F0xx_HAL_Driver/Src/stm32f0xx_hal_gpio.o
                                      0x669a8 (size before relaxing)
 .debug_str     0x0000000000067b24      0x235 ./Drivers/STM32F0xx_HAL_Driver/Src/stm32f0xx_hal_rcc.o
                                      0x66bd3 (size before relaxing)
 .debug_str     0x0000000000067d59      0xd15 ./Drivers/STM32F0xx_HAL_Driver/Src/stm32f0xx_hal_tim.o
                                      0x67b84 (size before relaxing)
 .debug_str     0x0000000000068a6e      0x45a ./Drivers/STM32F0xx_HAL_Driver/Src/stm32f0xx_hal_tim_ex.o
                                      0x67335 (size before relaxing)
 .debug_str     0x0000000000068ec8     0x4b1d ./cpp/src/main.o
                                      0x6ba59 (size before relaxing)

.comment        0x0000000000000000       0x53
 .comment       0x0000000000000000       0x53 ./Core/Src/main.o
                                         0x54 (size before relaxing)
 .comment       0x0000000000000053       0x54 ./Core/Src/stm32f0xx_hal_msp.o
 .comment       0x0000000000000053       0x54 ./Core/Src/stm32f0xx_it.o
 .comment       0x0000000000000053       0x54 ./Core/Src/system_stm32f0xx.o
 .comment       0x0000000000000053       0x54 ./Drivers/STM32F0xx_HAL_Driver/Src/stm32f0xx_hal.o
 .comment       0x0000000000000053       0x54 ./Drivers/STM32F0xx_HAL_Driver/Src/stm32f0xx_hal_cortex.o
 .comment       0x0000000000000053       0x54 ./Drivers/STM32F0xx_HAL_Driver/Src/stm32f0xx_hal_dma.o
 .comment       0x0000000000000053       0x54 ./Drivers/STM32F0xx_HAL_Driver/Src/stm32f0xx_hal_gpio.o
 .comment       0x0000000000000053       0x54 ./Drivers/STM32F0xx_HAL_Driver/Src/stm32f0xx_hal_rcc.o
 .comment       0x0000000000000053       0x54 ./Drivers/STM32F0xx_HAL_Driver/Src/stm32f0xx_hal_tim.o
 .comment       0x0000000000000053       0x54 ./Drivers/STM32F0xx_HAL_Driver/Src/stm32f0xx_hal_tim_ex.o
 .comment       0x0000000000000053       0x54 ./cpp/src/main.o

.debug_frame    0x0000000000000000     0x2478
 .debug_frame   0x0000000000000000      0x128 ./Core/Src/main.o
 .debug_frame   0x0000000000000128      0x110 ./Core/Src/stm32f0xx_hal_msp.o
 .debug_frame   0x0000000000000238      0x128 ./Core/Src/stm32f0xx_it.o
 .debug_frame   0x0000000000000360       0x4c ./Core/Src/system_stm32f0xx.o
 .debug_frame   0x00000000000003ac      0x2a4 ./Drivers/STM32F0xx_HAL_Driver/Src/stm32f0xx_hal.o
 .debug_frame   0x0000000000000650      0x2a0 ./Drivers/STM32F0xx_HAL_Driver/Src/stm32f0xx_hal_cortex.o
 .debug_frame   0x00000000000008f0      0x1d0 ./Drivers/STM32F0xx_HAL_Driver/Src/stm32f0xx_hal_dma.o
 .debug_frame   0x0000000000000ac0      0x110 ./Drivers/STM32F0xx_HAL_Driver/Src/stm32f0xx_hal_gpio.o
 .debug_frame   0x0000000000000bd0      0x198 ./Drivers/STM32F0xx_HAL_Driver/Src/stm32f0xx_hal_rcc.o
 .debug_frame   0x0000000000000d68      0xf00 ./Drivers/STM32F0xx_HAL_Driver/Src/stm32f0xx_hal_tim.o
 .debug_frame   0x0000000000001c68      0x560 ./Drivers/STM32F0xx_HAL_Driver/Src/stm32f0xx_hal_tim_ex.o
 .debug_frame   0x00000000000021c8      0x224 ./cpp/src/main.o
 .debug_frame   0x00000000000023ec       0x2c c:/st/stm32cubeide_1.8.0/stm32cubeide/plugins/com.st.stm32cube.ide.mcu.externaltools.gnu-tools-for-stm32.9-2020-q2-update.win32_2.0.0.202105311346/tools/bin/../lib/gcc/arm-none-eabi/9.3.1/../../../../arm-none-eabi/lib/thumb/v6-m/nofp\libc_nano.a(lib_a-init.o)
 .debug_frame   0x0000000000002418       0x20 c:/st/stm32cubeide_1.8.0/stm32cubeide/plugins/com.st.stm32cube.ide.mcu.externaltools.gnu-tools-for-stm32.9-2020-q2-update.win32_2.0.0.202105311346/tools/bin/../lib/gcc/arm-none-eabi/9.3.1/../../../../arm-none-eabi/lib/thumb/v6-m/nofp\libc_nano.a(lib_a-memset.o)
 .debug_frame   0x0000000000002438       0x20 c:/st/stm32cubeide_1.8.0/stm32cubeide/plugins/com.st.stm32cube.ide.mcu.externaltools.gnu-tools-for-stm32.9-2020-q2-update.win32_2.0.0.202105311346/tools/bin/../lib/gcc/arm-none-eabi/9.3.1/thumb/v6-m/nofp\libgcc.a(_udivsi3.o)
 .debug_frame   0x0000000000002458       0x20 c:/st/stm32cubeide_1.8.0/stm32cubeide/plugins/com.st.stm32cube.ide.mcu.externaltools.gnu-tools-for-stm32.9-2020-q2-update.win32_2.0.0.202105311346/tools/bin/../lib/gcc/arm-none-eabi/9.3.1/thumb/v6-m/nofp\libgcc.a(_divsi3.o)
